2026-05-10T18:36:23.9957804Z,Updating submodules.,f292a946-12ea-4ff9-8237-49ddd9fb7fc3,0
2026-05-10T18:36:24.0270623Z,Preparing deployment for commit id 'ae7bf1c505'.,dcccc6d7-721b-483b-9952-5c54c92a14e2,0
2026-05-10T18:36:24.1051865Z,Running build. Project type: OneDeploy,d3c1004e-f754-4a32-a18c-914064226f0e,0
2026-05-10T18:36:24.1208108Z,Copying the manifest,77c2e7e9-fe76-435e-a377-0674916e6d47,0
2026-05-10T18:36:24.1676860Z,Clean deploying to C:\home\site\wwwroot,42c1f281-a255-4260-b0e7-d9a43a61f47e,0
2026-05-10T18:36:24.1989378Z,Generating deployment script.,b2716cc8-9f0b-49b2-a00c-5b3b44444f28,0
	2026-05-10T18:36:24.2926910Z,Using cached version of deployment script (command: 'azure -y --no-dot-deployment -r "C:\local\Temp\zipdeploy\extracted" -o "C:\home\site\deployments\tools" --basic --sitePath "C:\local\Temp\zipdeploy\extracted"').,,0
2026-05-10T18:36:24.3395643Z,Running deployment command...,8ce2969c-4228-4a21-a5e7-07a3284e0eb2,0
	2026-05-10T18:36:24.3551871Z,Command: "C:\home\site\deployments\tools\deploy.cmd",,0
	2026-05-10T18:36:24.5114380Z,Handling Basic Web Site deployment.,,0
	2026-05-10T18:36:24.9176847Z,Creating app_offline.htm,,0
	2026-05-10T18:36:24.9176847Z,KuduSync.NET from: 'C:\local\Temp\zipdeploy\extracted' to: 'C:\home\site\wwwroot',,0
	2026-05-10T18:36:24.9333112Z,Copying file: 'appsettings.json',,0
	2026-05-10T18:36:24.9489360Z,Copying file: 'MytechERP.API.deps.json',,0
	2026-05-10T18:36:24.9489360Z,Copying file: 'MytechERP.API.dll',,0
	2026-05-10T18:36:24.9645672Z,Copying file: 'MytechERP.API.exe',,0
	2026-05-10T18:36:24.9801892Z,Copying file: 'MytechERP.API.pdb',,0
	2026-05-10T18:36:24.9801892Z,Copying file: 'MytechERP.API.runtimeconfig.json',,0
	2026-05-10T18:36:24.9958127Z,Copying file: 'MytechERP.API.staticwebassets.endpoints.json',,0
	2026-05-10T18:36:24.9958127Z,Copying file: 'MytechERP.Application.dll',,0
	2026-05-10T18:36:25.0114373Z,Copying file: 'MytechERP.Application.pdb',,0
	2026-05-10T18:36:25.0270623Z,Copying file: 'MytechERP.domain.dll',,0
	2026-05-10T18:36:25.0270623Z,Copying file: 'MytechERP.domain.pdb',,0
	2026-05-10T18:36:25.0426873Z,Copying file: 'MyTechERP.Infrastructure.dll',,0
	2026-05-10T18:36:25.0583108Z,Copying file: 'MyTechERP.Infrastructure.pdb',,0
	2026-05-10T18:36:25.0583108Z,Copying file: 'publish\appsettings.Development.json',,0
	2026-05-10T18:36:25.0739435Z,Copying file: 'publish\appsettings.json',,0
	2026-05-10T18:36:25.0739435Z,Copying file: 'publish\MytechERP.API.deps.json',,0
	2026-05-10T18:36:25.0895603Z,Copying file: 'publish\MytechERP.API.runtimeconfig.json',,0
	2026-05-10T18:36:25.1051872Z,Copying file: 'publish\MytechERP.API.staticwebassets.endpoints.json',,0
	2026-05-10T18:36:25.1208103Z,Copying file: 'publish\publish_output\appsettings.Development.json',,0
	2026-05-10T18:36:25.1364356Z,Copying file: 'publish\publish_output\appsettings.json',,0
	2026-05-10T18:36:25.1364356Z,Copying file: 'publish\publish_output\MytechERP.API.deps.json',,0
	2026-05-10T18:36:25.1520679Z,Copying file: 'publish\publish_output\MytechERP.API.runtimeconfig.json',,0
	2026-05-10T18:36:25.1676856Z,Copying file: 'publish\publish_output\MytechERP.API.staticwebassets.endpoints.json',,0
	2026-05-10T18:36:25.1676856Z,Copying file: 'publish\publish_output\publish_output\appsettings.Development.json',,0
	2026-05-10T18:36:25.1833126Z,Copying file: 'publish\publish_output\publish_output\appsettings.json',,0
	2026-05-10T18:36:25.1833126Z,Copying file: 'publish\publish_output\publish_output\MytechERP.API.deps.json',,0
	2026-05-10T18:36:25.1989368Z,Copying file: 'publish\publish_output\publish_output\MytechERP.API.runtimeconfig.json',,0
	2026-05-10T18:36:25.2145589Z,Copying file: 'publish\publish_output\publish_output\MytechERP.API.staticwebassets.endpoints.json',,0
	2026-05-10T18:36:25.2145589Z,Copying file: 'publish\publish_output\publish_output\publish_output\appsettings.Development.json',,0
	2026-05-10T18:36:25.2301857Z,Copying file: 'publish\publish_output\publish_output\publish_output\appsettings.json',,0
	2026-05-10T18:36:25.2458107Z,Copying file: 'publish\publish_output\publish_output\publish_output\MytechERP.API.deps.json',,0
	2026-05-10T18:36:25.2458107Z,Copying file: 'publish\publish_output\publish_output\publish_output\MytechERP.API.runtimeconfig.json',,0
	2026-05-10T18:36:25.2614358Z,Copying file: 'publish\publish_output\publish_output\publish_output\MytechERP.API.staticwebassets.endpoints.json',,0
	2026-05-10T18:36:25.2770616Z,Copying file: 'publish\publish_output\publish_output\publish_output\publish_output\appsettings.Development.json',,0
	2026-05-10T18:36:25.2770616Z,Copying file: 'publish\publish_output\publish_output\publish_output\publish_output\appsettings.json',,0
	2026-05-10T18:36:25.2926868Z,Copying file: 'publish\publish_output\publish_output\publish_output\publish_output\MytechERP.API.deps.json',,0
	2026-05-10T18:36:25.3083136Z,Copying file: 'publish\publish_output\publish_output\publish_output\publish_output\MytechERP.API.runtimeconfig.json',,0
	2026-05-10T18:36:25.3083136Z,Copying file: 'publish\publish_output\publish_output\publish_output\publish_output\MytechERP.API.staticwebassets.endpoints.json',,0
	2026-05-10T18:36:25.3239373Z,Copying file: 'publish\publish_output\publish_output\publish_output\publish_output\publish_output\appsettings.Development.json',,0
	2026-05-10T18:36:25.3239373Z,Copying file: 'publish\publish_output\publish_output\publish_output\publish_output\publish_output\appsettings.json',,0
	2026-05-10T18:36:25.3395627Z,Copying file: 'publish\publish_output\publish_output\publish_output\publish_output\publish_output\MytechERP.API.deps.json',,0
	2026-05-10T18:36:25.3551878Z,Copying file: 'publish\publish_output\publish_output\publish_output\publish_output\publish_output\MytechERP.API.runtimeconfig.json',,0
	2026-05-10T18:36:25.3708129Z,Copying file: 'publish\publish_output\publish_output\publish_output\publish_output\publish_output\MytechERP.API.staticwebassets.endpoints.json',,0
	2026-05-10T18:36:25.3708129Z,Copying file: 'publish2\appsettings.Development.json',,0
	2026-05-10T18:36:25.3864365Z,Copying file: 'publish2\appsettings.json',,0
	2026-05-10T18:36:25.3864365Z,Copying file: 'publish2\MytechERP.API.deps.json',,0
	2026-05-10T18:36:25.4020606Z,Copying file: 'publish2\MytechERP.API.runtimeconfig.json',,0
	2026-05-10T18:36:25.4176865Z,Copying file: 'publish2\MytechERP.API.staticwebassets.endpoints.json',,0
	2026-05-10T18:36:25.4176865Z,Omitting next output lines...,,0
	2026-05-10T18:36:26.1051871Z,Finished successfully.,,0
2026-05-10T18:36:26.1364357Z,Build completed succesfully.,7952cbc1-6c69-469f-af63-804790ebcbad,0
2026-05-10T18:36:26.1676853Z,Running post deployment command(s)...,4a7f7395-4371-449a-9427-7d5f484197a4,0
2026-05-10T18:36:26.1989360Z,Requesting site restart,0d185dfb-bd5a-4c87-8dff-88d82e21a9cd,0
2026-05-10T18:36:26.2301877Z,Requesting site restart. Attempt #1,e9e7d091-7d31-4576-865e-57bad8be221b,0
2026-05-10T18:36:26.5583115Z,Successfully requested a restart. Attempt #1,5d7d6184-d712-4437-9d38-dec69c5496bc,0
2026-05-10T18:36:26.5895613Z,Deployment successful.,07756794-5a70-476a-af77-3ce04e8142b1,0
