2026-05-15T20:06:10.1200169Z,Updating submodules.,3d5ef9f4-090b-4a56-8509-a60f0ccfe214,0
2026-05-15T20:06:10.1668936Z,Preparing deployment for commit id 'a2bc66ffae'.,8857f0b6-a63c-4246-8b5f-e0f4cf105797,0
2026-05-15T20:06:10.3856421Z,Running build. Project type: OneDeploy,e2b14638-c468-47a2-a198-265467478f43,0
2026-05-15T20:06:10.4168922Z,Copying the manifest,80632667-bbfe-4914-adb4-daf8ed647388,0
2026-05-15T20:06:10.4637706Z,Clean deploying to C:\home\site\wwwroot,cab15892-8943-4cd8-99e9-13f37941af8a,0
2026-05-15T20:06:10.5106425Z,Generating deployment script.,e28c44be-4acf-4b5a-ad3b-5cf856c301e5,0
	2026-05-15T20:06:10.5731426Z,Using cached version of deployment script (command: 'azure -y --no-dot-deployment -r "C:\local\Temp\zipdeploy\extracted" -o "C:\home\site\deployments\tools" --basic --sitePath "C:\local\Temp\zipdeploy\extracted"').,,0
2026-05-15T20:06:10.6200166Z,Running deployment command...,115edeb0-b6b1-4686-b979-679cdf335522,0
	2026-05-15T20:06:10.6356425Z,Command: "C:\home\site\deployments\tools\deploy.cmd",,0
	2026-05-15T20:06:10.8231452Z,Handling Basic Web Site deployment.,,0
	2026-05-15T20:06:11.1356463Z,Creating app_offline.htm,,0
	2026-05-15T20:06:11.1512694Z,KuduSync.NET from: 'C:\local\Temp\zipdeploy\extracted' to: 'C:\home\site\wwwroot',,0
	2026-05-15T20:06:11.1668930Z,Deleting file: 'publish\appsettings.Development.json',,0
	2026-05-15T20:06:11.1668930Z,Deleting file: 'publish\appsettings.json',,0
	2026-05-15T20:06:11.1825175Z,Deleting file: 'publish\MytechERP.API.deps.json',,0
	2026-05-15T20:06:11.1981427Z,Deleting file: 'publish\MytechERP.API.runtimeconfig.json',,0
	2026-05-15T20:06:11.2137676Z,Deleting file: 'publish\MytechERP.API.staticwebassets.endpoints.json',,0
	2026-05-15T20:06:11.2137676Z,Deleting file: 'publish\web.config',,0
	2026-05-15T20:06:11.2293937Z,Deleting file: 'publish\publish_output\appsettings.Development.json',,0
	2026-05-15T20:06:11.2450183Z,Deleting file: 'publish\publish_output\appsettings.json',,0
	2026-05-15T20:06:11.2606442Z,Deleting file: 'publish\publish_output\MytechERP.API.deps.json',,0
	2026-05-15T20:06:11.2762684Z,Deleting file: 'publish\publish_output\MytechERP.API.runtimeconfig.json',,0
	2026-05-15T20:06:11.2762684Z,Deleting file: 'publish\publish_output\MytechERP.API.staticwebassets.endpoints.json',,0
	2026-05-15T20:06:11.2918927Z,Deleting file: 'publish\publish_output\web.config',,0
	2026-05-15T20:06:11.3075178Z,Deleting file: 'publish\publish_output\publish_output\appsettings.Development.json',,0
	2026-05-15T20:06:11.3075178Z,Deleting file: 'publish\publish_output\publish_output\appsettings.json',,0
	2026-05-15T20:06:11.3543943Z,Deleting file: 'publish\publish_output\publish_output\MytechERP.API.deps.json',,0
	2026-05-15T20:06:11.3700183Z,Deleting file: 'publish\publish_output\publish_output\MytechERP.API.runtimeconfig.json',,0
	2026-05-15T20:06:11.3856448Z,Deleting file: 'publish\publish_output\publish_output\MytechERP.API.staticwebassets.endpoints.json',,0
	2026-05-15T20:06:11.3856448Z,Deleting file: 'publish\publish_output\publish_output\web.config',,0
	2026-05-15T20:06:11.4012680Z,Deleting file: 'publish\publish_output\publish_output\publish_output\appsettings.Development.json',,0
	2026-05-15T20:06:11.4168925Z,Deleting file: 'publish\publish_output\publish_output\publish_output\appsettings.json',,0
	2026-05-15T20:06:11.4168925Z,Deleting file: 'publish\publish_output\publish_output\publish_output\MytechERP.API.deps.json',,0
	2026-05-15T20:06:11.4325177Z,Deleting file: 'publish\publish_output\publish_output\publish_output\MytechERP.API.runtimeconfig.json',,0
	2026-05-15T20:06:11.4481431Z,Deleting file: 'publish\publish_output\publish_output\publish_output\MytechERP.API.staticwebassets.endpoints.json',,0
	2026-05-15T20:06:11.4481431Z,Deleting file: 'publish\publish_output\publish_output\publish_output\web.config',,0
	2026-05-15T20:06:11.4637678Z,Deleting file: 'publish\publish_output\publish_output\publish_output\publish_output\appsettings.Development.json',,0
	2026-05-15T20:06:11.4793973Z,Deleting file: 'publish\publish_output\publish_output\publish_output\publish_output\appsettings.json',,0
	2026-05-15T20:06:11.4950185Z,Deleting file: 'publish\publish_output\publish_output\publish_output\publish_output\MytechERP.API.deps.json',,0
	2026-05-15T20:06:11.4950185Z,Deleting file: 'publish\publish_output\publish_output\publish_output\publish_output\MytechERP.API.runtimeconfig.json',,0
	2026-05-15T20:06:11.5106428Z,Deleting file: 'publish\publish_output\publish_output\publish_output\publish_output\MytechERP.API.staticwebassets.endpoints.json',,0
	2026-05-15T20:06:11.5262676Z,Deleting file: 'publish\publish_output\publish_output\publish_output\publish_output\web.config',,0
	2026-05-15T20:06:11.5262676Z,Deleting file: 'publish\publish_output\publish_output\publish_output\publish_output\publish_output\appsettings.Development.json',,0
	2026-05-15T20:06:11.5418925Z,Deleting file: 'publish\publish_output\publish_output\publish_output\publish_output\publish_output\appsettings.json',,0
	2026-05-15T20:06:11.5575183Z,Deleting file: 'publish\publish_output\publish_output\publish_output\publish_output\publish_output\MytechERP.API.deps.json',,0
	2026-05-15T20:06:11.5575183Z,Deleting file: 'publish\publish_output\publish_output\publish_output\publish_output\publish_output\MytechERP.API.runtimeconfig.json',,0
	2026-05-15T20:06:11.5731433Z,Deleting file: 'publish\publish_output\publish_output\publish_output\publish_output\publish_output\MytechERP.API.staticwebassets.endpoints.json',,0
	2026-05-15T20:06:11.5731433Z,Deleting file: 'publish\publish_output\publish_output\publish_output\publish_output\publish_output\web.config',,0
	2026-05-15T20:06:11.5887678Z,Deleting directory: 'publish\publish_output\publish_output\publish_output\publish_output\publish_output',,0
	2026-05-15T20:06:11.6043936Z,Deleting directory: 'publish\publish_output\publish_output\publish_output\publish_output',,0
	2026-05-15T20:06:11.6200181Z,Deleting directory: 'publish\publish_output\publish_output\publish_output',,0
	2026-05-15T20:06:11.6356431Z,Deleting directory: 'publish\publish_output\publish_output',,0
	2026-05-15T20:06:11.6356431Z,Deleting directory: 'publish\publish_output',,0
	2026-05-15T20:06:11.6512680Z,Deleting directory: 'publish',,0
	2026-05-15T20:06:11.6668932Z,Deleting file: 'publish2\appsettings.Development.json',,0
	2026-05-15T20:06:11.6825180Z,Deleting file: 'publish2\appsettings.json',,0
	2026-05-15T20:06:11.6825180Z,Deleting file: 'publish2\MytechERP.API.deps.json',,0
	2026-05-15T20:06:11.6981427Z,Deleting file: 'publish2\MytechERP.API.runtimeconfig.json',,0
	2026-05-15T20:06:11.7184932Z,Deleting file: 'publish2\MytechERP.API.staticwebassets.endpoints.json',,0
	2026-05-15T20:06:11.7297016Z,Deleting file: 'publish2\web.config',,0
	2026-05-15T20:06:11.7297016Z,Omitting next output lines...,,0
	2026-05-15T20:06:13.2609681Z,Finished successfully.,,0
2026-05-15T20:06:13.3078432Z,Build completed succesfully.,58a3347d-9b60-4017-8cd7-ffec65efa67d,0
2026-05-15T20:06:13.3390931Z,Running post deployment command(s)...,7e197f5b-e226-41bc-8a4a-695997280a6c,0
2026-05-15T20:06:13.3859683Z,Requesting site restart,2f2e42e0-9f9a-4ebc-8851-d4d602eb3fab,0
2026-05-15T20:06:13.4334914Z,Requesting site restart. Attempt #1,642da61c-7977-4211-b745-4dc28d4f07ba,0
2026-05-15T20:06:13.7772418Z,Successfully requested a restart. Attempt #1,914e858f-35fd-44a7-956f-7cf1492b567a,0
2026-05-15T20:06:13.8241165Z,Deployment successful.,0b532a81-e1ca-4efd-b1a5-53bcb03670cf,0
