2026-05-10T23:54:03.1907661Z,Updating submodules.,8b365bb5-95b5-4a7e-b410-197902dfc422,0
2026-05-10T23:54:03.2220166Z,Preparing deployment for commit id '714284b721'.,cab5a9bc-c846-41c1-9e9f-8c31d75fd9d0,0
2026-05-10T23:54:03.3001405Z,Running build. Project type: OneDeploy,3f852d27-86d7-47ab-8025-e8f8bc3d95c5,0
2026-05-10T23:54:03.3313928Z,Copying the manifest,5e507365-e775-46ea-b199-711d75968bfe,0
2026-05-10T23:54:03.3626418Z,Clean deploying to C:\home\site\wwwroot,f534e52d-c874-45f5-ac04-289e727ff78b,0
2026-05-10T23:54:03.3938913Z,Generating deployment script.,866d13ee-d195-48c5-aca1-7803f53d9e75,0
	2026-05-10T23:54:03.4095174Z,Using cached version of deployment script (command: 'azure -y --no-dot-deployment -r "C:\local\Temp\zipdeploy\extracted" -o "C:\home\site\deployments\tools" --basic --sitePath "C:\local\Temp\zipdeploy\extracted"').,,0
2026-05-10T23:54:03.4407648Z,Running deployment command...,68781b78-1514-4935-8ea5-e75f4ab5f9de,0
	2026-05-10T23:54:03.4563954Z,Command: "C:\home\site\deployments\tools\deploy.cmd",,0
	2026-05-10T23:54:03.5813942Z,Handling Basic Web Site deployment.,,0
	2026-05-10T23:54:03.8782657Z,Creating app_offline.htm,,0
	2026-05-10T23:54:03.8782657Z,KuduSync.NET from: 'C:\local\Temp\zipdeploy\extracted' to: 'C:\home\site\wwwroot',,0
	2026-05-10T23:54:03.8939000Z,Copying file: 'MytechERP.API.dll',,0
	2026-05-10T23:54:03.8939000Z,Copying file: 'MytechERP.API.exe',,0
	2026-05-10T23:54:03.9095192Z,Copying file: 'MytechERP.API.pdb',,0
	2026-05-10T23:54:03.9095192Z,Copying file: 'MytechERP.Application.dll',,0
	2026-05-10T23:54:03.9251408Z,Copying file: 'MytechERP.Application.pdb',,0
	2026-05-10T23:54:03.9251408Z,Copying file: 'MytechERP.domain.dll',,0
	2026-05-10T23:54:03.9407659Z,Copying file: 'MytechERP.domain.pdb',,0
	2026-05-10T23:54:03.9407659Z,Copying file: 'MyTechERP.Infrastructure.dll',,0
	2026-05-10T23:54:03.9563905Z,Copying file: 'MyTechERP.Infrastructure.pdb',,0
	2026-05-10T23:54:03.9563905Z,Deleting app_offline.htm,,0
	2026-05-10T23:54:03.9563905Z,Finished successfully.,,0
2026-05-10T23:54:03.9876437Z,Build completed succesfully.,7f63e4b6-ed37-4814-a6d9-647b23404e8e,0
2026-05-10T23:54:04.0188926Z,Running post deployment command(s)...,b71dea9c-b2f6-4d8e-aedd-c12f5be36c80,0
2026-05-10T23:54:04.0345171Z,Requesting site restart,925afab2-c8f7-4805-8c1f-bb7c8263f5fa,0
2026-05-10T23:54:04.0657671Z,Requesting site restart. Attempt #1,5be9e4df-c02d-4cfc-bb00-74e0010957db,0
2026-05-10T23:54:04.1751421Z,Successfully requested a restart. Attempt #1,a0daac37-4f22-4be8-a20d-a7967c471f99,0
2026-05-10T23:54:04.2063920Z,Deployment successful.,3d13bec3-68bb-4ab0-84d4-76873f92ced9,0
