2026-05-03T18:11:43.9787335Z,Updating submodules.,8b15c8da-e0c8-452c-aaa0-1aadbe28cb65,0
2026-05-03T18:11:44.0256121Z,Preparing deployment for commit id '57364ef61e'.,0ca4c978-0135-4679-9c5f-1db8e831725b,0
2026-05-03T18:11:44.1506084Z,Running build. Project type: OneDeploy,82a5ab20-5846-4d84-9997-347e98ea6694,0
2026-05-03T18:11:44.1974834Z,Copying the manifest,b150589f-e6cb-4f21-a905-5c6fc90f7414,0
2026-05-03T18:11:44.2599835Z,Clean deploying to C:\home\site\wwwroot,4a87dd42-120a-47d3-a5be-4b6ba16f1fdd,0
2026-05-03T18:11:44.2912375Z,Generating deployment script.,b5314c67-3be0-4742-a9e9-aac20f89d690,0
	2026-05-03T18:11:44.3537357Z,Using the following command to generate deployment script: 'azure site deploymentscript -y --no-dot-deployment -r "C:\local\Temp\zipdeploy\extracted" -o "C:\home\site\deployments\tools" --basic --sitePath "C:\local\Temp\zipdeploy\extracted"'.,,0
	2026-05-03T18:11:44.5099855Z,Generating deployment script for Web Site,,0
	2026-05-03T18:11:44.5256111Z,Generated deployment script files,,0
2026-05-03T18:11:44.6037334Z,Running deployment command...,91175cb6-f394-408c-a640-20099526299d,0
	2026-05-03T18:11:44.6193633Z,Command: "C:\home\site\deployments\tools\deploy.cmd",,0
	2026-05-03T18:11:44.7443604Z,Handling Basic Web Site deployment.,,0
	2026-05-03T18:11:44.9943592Z,Creating app_offline.htm,,0
	2026-05-03T18:11:45.0099840Z,KuduSync.NET from: 'C:\local\Temp\zipdeploy\extracted' to: 'C:\home\site\wwwroot',,0
	2026-05-03T18:11:45.0256086Z,Deleting file: 'hostingstart.html',,0
	2026-05-03T18:11:45.0412341Z,Copying file: 'appsettings.Development.json',,0
	2026-05-03T18:11:45.0568588Z,Copying file: 'appsettings.json',,0
	2026-05-03T18:11:45.0724843Z,Copying file: 'Azure.Core.dll',,0
	2026-05-03T18:11:45.0881084Z,Copying file: 'Azure.Identity.dll',,0
	2026-05-03T18:11:45.1037375Z,Copying file: 'Azure.Security.KeyVault.Keys.dll',,0
	2026-05-03T18:11:45.1193608Z,Copying file: 'Azure.Storage.Blobs.dll',,0
	2026-05-03T18:11:45.1349838Z,Copying file: 'Azure.Storage.Common.dll',,0
	2026-05-03T18:11:45.1506087Z,Copying file: 'BouncyCastle.Cryptography.dll',,0
	2026-05-03T18:11:45.1818604Z,Copying file: 'EPPlus.dll',,0
	2026-05-03T18:11:45.2131095Z,Copying file: 'EPPlus.Interfaces.dll',,0
	2026-05-03T18:11:45.2287350Z,Copying file: 'FluentValidation.AspNetCore.dll',,0
	2026-05-03T18:11:45.2443646Z,Copying file: 'FluentValidation.DependencyInjectionExtensions.dll',,0
	2026-05-03T18:11:45.2599836Z,Copying file: 'FluentValidation.dll',,0
	2026-05-03T18:11:45.2756143Z,Copying file: 'Hangfire.AspNetCore.dll',,0
	2026-05-03T18:11:45.2912336Z,Copying file: 'Hangfire.Core.dll',,0
	2026-05-03T18:11:45.3068590Z,Copying file: 'Hangfire.NetCore.dll',,0
	2026-05-03T18:11:45.3381098Z,Copying file: 'Hangfire.SqlServer.dll',,0
	2026-05-03T18:11:45.3537335Z,Copying file: 'MailKit.dll',,0
	2026-05-03T18:11:45.3693586Z,Copying file: 'Microsoft.AspNetCore.Authentication.JwtBearer.dll',,0
	2026-05-03T18:11:45.3849839Z,Copying file: 'Microsoft.AspNetCore.Identity.EntityFrameworkCore.dll',,0
	2026-05-03T18:11:45.4006084Z,Copying file: 'Microsoft.Bcl.AsyncInterfaces.dll',,0
	2026-05-03T18:11:45.4162339Z,Copying file: 'Microsoft.Data.SqlClient.dll',,0
	2026-05-03T18:11:45.4318603Z,Copying file: 'Microsoft.EntityFrameworkCore.Abstractions.dll',,0
	2026-05-03T18:11:45.4474860Z,Copying file: 'Microsoft.EntityFrameworkCore.dll',,0
	2026-05-03T18:11:45.4631101Z,Copying file: 'Microsoft.EntityFrameworkCore.Relational.dll',,0
	2026-05-03T18:11:45.4787370Z,Copying file: 'Microsoft.EntityFrameworkCore.SqlServer.dll',,0
	2026-05-03T18:11:45.4943626Z,Copying file: 'Microsoft.Extensions.Configuration.FileExtensions.dll',,0
	2026-05-03T18:11:45.5099843Z,Copying file: 'Microsoft.Extensions.Configuration.Json.dll',,0
	2026-05-03T18:11:45.5256099Z,Copying file: 'Microsoft.Extensions.DependencyInjection.Abstractions.dll',,0
	2026-05-03T18:11:45.5412352Z,Copying file: 'Microsoft.Extensions.Logging.Abstractions.dll',,0
	2026-05-03T18:11:45.5568599Z,Copying file: 'Microsoft.Identity.Client.dll',,0
	2026-05-03T18:11:45.5881095Z,Copying file: 'Microsoft.Identity.Client.Extensions.Msal.dll',,0
	2026-05-03T18:11:45.5881095Z,Copying file: 'Microsoft.IdentityModel.Abstractions.dll',,0
	2026-05-03T18:11:45.6037337Z,Copying file: 'Microsoft.IdentityModel.JsonWebTokens.dll',,0
	2026-05-03T18:11:45.6193595Z,Copying file: 'Microsoft.IdentityModel.Logging.dll',,0
	2026-05-03T18:11:45.6349835Z,Copying file: 'Microsoft.IdentityModel.Protocols.dll',,0
	2026-05-03T18:11:45.6506090Z,Copying file: 'Microsoft.IdentityModel.Protocols.OpenIdConnect.dll',,0
	2026-05-03T18:11:45.6662361Z,Copying file: 'Microsoft.IdentityModel.Tokens.dll',,0
	2026-05-03T18:11:45.6818594Z,Copying file: 'Microsoft.IO.RecyclableMemoryStream.dll',,0
	2026-05-03T18:11:45.6974846Z,Copying file: 'Microsoft.OpenApi.dll',,0
	2026-05-03T18:11:45.7131093Z,Copying file: 'Microsoft.SqlServer.Server.dll',,0
	2026-05-03T18:11:45.7287344Z,Copying file: 'MimeKit.dll',,0
	2026-05-03T18:11:45.7443589Z,Copying file: 'MySqlConnector.dll',,0
	2026-05-03T18:11:45.7599839Z,Copying file: 'MytechERP.API.deps.json',,0
	2026-05-03T18:11:45.7756091Z,Copying file: 'MytechERP.API.dll',,0
	2026-05-03T18:11:45.7912395Z,Copying file: 'MytechERP.API.exe',,0
	2026-05-03T18:11:45.8068587Z,Copying file: 'MytechERP.API.pdb',,0
	2026-05-03T18:11:45.8381097Z,Omitting next output lines...,,0
	2026-05-03T18:11:46.4162354Z,Finished successfully.,,0
2026-05-03T18:11:46.4631097Z,Build completed succesfully.,8ce59812-aacd-460a-a52c-24513b700af6,0
2026-05-03T18:11:46.4943589Z,Running post deployment command(s)...,97ece1a1-3aaf-4742-9c84-98048065aa60,0
2026-05-03T18:11:46.5412338Z,Requesting site restart,98ef4cef-fd67-4bcd-8151-d334f45b4bfd,0
2026-05-03T18:11:46.6193632Z,Requesting site restart. Attempt #1,f8278065-e73c-4da4-a46c-3d30b11faff1,0
2026-05-03T18:11:46.9480101Z,Successfully requested a restart. Attempt #1,72159a8d-a5b9-473f-afd1-6b1468e854aa,0
2026-05-03T18:11:47.0105148Z,Deployment successful.,845f9a4c-514d-49f0-90d9-c5cf4fc34c02,0
